// Jest Snapshot v1, https://goo.gl/fbAQLP

exports[`Toaster should renders correctly and match snapshot 1`] = `
<div>
  <div
    class="Toaster_container"
    role="alert"
  >
    <div
      class="Toaster_title_container"
    >
      <span
        class="Toaster_title"
      >
        Toaster Header
      </span>
      <div
        class="Toaster_closeButton_container"
        data-testid="toaster_closebutton"
      >
        <svg
          class="bi bi-x"
          fill="inherit"
          height="36px"
          viewBox="0 0 16 16"
          width="36px"
          xmlns="http://www.w3.org/2000/svg"
        >
          <path
            d="M4.646 4.646a.5.5 0 0 1 .708 0L8 7.293l2.646-2.647a.5.5 0 0 1 .708.708L8.707 8l2.647 2.646a.5.5 0 0 1-.708.708L8 8.707l-2.646 2.647a.5.5 0 0 1-.708-.708L7.293 8 4.646 5.354a.5.5 0 0 1 0-.708"
          />
        </svg>
      </div>
    </div>
    <p
      class="Toaster_message"
    >
      Toaster message
    </p>
  </div>
</div>
`;
